exports[`TouchableHighlight renders correctly 1`] = `
<View
  accessibilityComponentType={undefined}
  accessibilityLabel={undefined}
  accessibilityTraits={undefined}
  accessible={true}
  hasTVPreferredFocus={undefined}
  hitSlop={undefined}
  onLayout={undefined}
  onResponderGrant={[Function bound touchableHandleResponderGrant]}
  onResponderMove={[Function bound touchableHandleResponderMove]}
  onResponderRelease={[Function bound touchableHandleResponderRelease]}
  onResponderTerminate={[Function bound touchableHandleResponderTerminate]}
  onResponderTerminationRequest={[Function bound touchableHandleResponderTerminationRequest]}
  onStartShouldSetResponder={[Function bound touchableHandleStartShouldSetResponder]}
  onTVBlur={[Function bound _hideUnderlay]}
  onTVFocus={[Function bound _showUnderlay]}
  onTVSelect={undefined}
  style={
    Array [
      Object {
        "backgroundColor": "transparent"
      },
      Object {}
    ]
  }
  testID={undefined}
  tvParallaxDisable={false}
  tvParallaxMagnification={1}
  tvParallaxShiftDistanceX={2}
  tvParallaxShiftDistanceY={2}
  tvParallaxTiltAngle={0.05}>
  <Text>
    Touchable
  </Text>
</View>
`;
